2026-01-07 09:15:15,146 - INFO - === Starting MarketTrap ===
2026-01-07 09:15:15,146 - INFO - Checking environment...
2026-01-07 09:15:15,146 - INFO - Environment check passed
2026-01-07 09:15:15,146 - INFO - Installing dependencies...
2026-01-07 09:15:15,864 - INFO - Installing scikit-learn...
2026-01-07 09:15:58,285 - INFO - === Starting MarketTrap ===
2026-01-07 09:15:58,285 - INFO - Checking environment...
2026-01-07 09:15:58,285 - INFO - Environment check passed
2026-01-07 09:15:58,285 - INFO - Installing dependencies...
2026-01-07 09:15:58,894 - INFO - Installing scikit-learn...
2026-01-07 09:16:18,732 - INFO - === Starting MarketTrap ===
2026-01-07 09:16:18,732 - INFO - Checking environment...
2026-01-07 09:16:18,732 - INFO - Environment check passed
2026-01-07 09:16:18,732 - INFO - Installing dependencies...
2026-01-07 09:16:19,345 - INFO - Installing scikit-learn...
2026-01-07 09:16:42,981 - INFO - === Starting MarketTrap ===
2026-01-07 09:16:42,982 - INFO - Checking environment...
2026-01-07 09:16:42,982 - INFO - Environment check passed
2026-01-07 09:16:42,982 - INFO - Installing dependencies...
2026-01-07 09:16:43,602 - INFO - Installing scikit-learn...
2026-01-07 09:25:22,443 - INFO - === Starting MarketTrap ===
2026-01-07 09:25:22,443 - INFO - Checking environment...
2026-01-07 09:25:22,444 - INFO - Environment check passed
2026-01-07 09:25:22,444 - INFO - Installing dependencies...
2026-01-07 09:25:23,124 - INFO - Installing scikit-learn...
2026-01-07 09:26:08,336 - INFO - === Starting MarketTrap ===
2026-01-07 09:26:08,336 - INFO - Checking environment...
2026-01-07 09:26:08,336 - INFO - Environment check passed
2026-01-07 09:26:08,336 - INFO - Installing dependencies...
2026-01-07 09:26:08,816 - INFO - Installing scikit-learn...
2026-01-07 09:29:39,562 - INFO - === Starting MarketTrap ===
2026-01-07 09:29:39,562 - INFO - Checking environment...
2026-01-07 09:29:39,563 - INFO - Environment check passed
2026-01-07 09:29:39,563 - INFO - Installing dependencies...
2026-01-07 09:29:40,265 - INFO - Installing scikit-learn...
2026-01-28 13:18:48,733 - INFO - === Starting MarketTrap ===
2026-01-28 13:18:48,734 - INFO - Checking environment...
2026-01-28 13:18:48,734 - INFO - Environment check passed
2026-01-28 13:18:48,734 - INFO - Installing dependencies...
2026-01-28 13:18:51,881 - INFO - Installing scikit-learn...
2026-01-28 13:21:17,544 - INFO - === Starting MarketTrap ===
2026-01-28 13:21:17,544 - INFO - Checking environment...
2026-01-28 13:21:17,544 - INFO - Environment check passed
2026-01-28 13:21:17,544 - INFO - Installing dependencies...
2026-01-28 13:21:18,195 - INFO - Installing scikit-learn...
2026-01-28 13:21:47,946 - INFO - === Starting MarketTrap ===
2026-01-28 13:21:47,947 - INFO - Checking environment...
2026-01-28 13:21:47,947 - INFO - Environment check passed
2026-01-28 13:21:47,947 - INFO - Installing dependencies...
2026-01-28 13:21:48,498 - INFO - Installing scikit-learn...
2026-01-28 13:22:52,961 - INFO - === Starting MarketTrap ===
2026-01-28 13:22:52,961 - INFO - Checking environment...
2026-01-28 13:22:52,961 - INFO - Environment check passed
2026-01-28 13:22:52,962 - INFO - Installing dependencies...
2026-01-28 13:22:53,539 - INFO - Installing scikit-learn...
2026-01-28 13:23:23,467 - INFO - === Starting MarketTrap ===
2026-01-28 13:23:23,467 - INFO - Checking environment...
2026-01-28 13:23:23,468 - INFO - Environment check passed
2026-01-28 13:23:23,468 - INFO - Installing dependencies...
2026-01-28 13:23:24,045 - INFO - Installing scikit-learn...
2026-01-28 13:24:19,832 - INFO - === Starting MarketTrap ===
2026-01-28 13:24:19,832 - INFO - Checking environment...
2026-01-28 13:24:19,832 - INFO - Environment check passed
2026-01-28 13:24:19,832 - INFO - Installing dependencies...
2026-01-28 13:24:20,414 - INFO - Installing scikit-learn...
2026-01-28 13:27:04,316 - INFO - === Starting MarketTrap ===
2026-01-28 13:27:04,317 - INFO - Checking environment...
2026-01-28 13:27:04,317 - INFO - Environment check passed
2026-01-28 13:27:04,317 - INFO - Installing dependencies...
2026-01-28 13:27:04,899 - INFO - Installing scikit-learn...
2026-01-28 13:30:12,417 - INFO - === Starting MarketTrap ===
2026-01-28 13:30:12,417 - INFO - Checking environment...
2026-01-28 13:30:12,417 - INFO - Environment check passed
2026-01-28 13:30:12,417 - INFO - Installing dependencies...
2026-01-28 13:30:13,002 - INFO - Installing scikit-learn...
2026-01-28 13:46:32,097 - INFO - === Starting MarketTrap ===
2026-01-28 13:46:32,097 - INFO - Checking environment...
2026-01-28 13:46:32,098 - INFO - Environment check passed
2026-01-28 13:46:32,098 - INFO - Installing dependencies...
2026-01-28 13:46:32,724 - INFO - Installing scikit-learn...
2026-01-28 13:50:24,083 - INFO - === Starting MarketTrap ===
2026-01-28 13:50:24,083 - INFO - Checking environment...
2026-01-28 13:50:24,083 - INFO - Environment check passed
2026-01-28 13:50:24,083 - INFO - Installing dependencies...
2026-01-28 13:50:24,668 - INFO - Installing scikit-learn...
2026-02-19 09:05:24,761 - INFO - === Starting MarketTrap ===
2026-02-19 09:05:24,761 - INFO - Checking environment...
2026-02-19 09:05:24,761 - INFO - Environment check passed
2026-02-19 09:05:24,761 - INFO - Installing dependencies...
2026-02-19 09:05:27,383 - INFO - Installing scikit-learn...
2026-02-27 10:16:14,526 - INFO - === Starting MarketTrap ===
2026-02-27 10:16:14,527 - INFO - Checking environment...
2026-02-27 10:16:14,527 - INFO - Environment check passed
2026-02-27 10:16:14,527 - INFO - Installing dependencies...
2026-02-27 10:16:17,155 - INFO - Installing scikit-learn...
2026-02-27 10:19:32,330 - INFO - === Starting MarketTrap Application ===
2026-02-27 10:19:32,331 - INFO - Initializing MarketTrap pipeline...
2026-02-27 10:19:32,331 - INFO - Loading model from models/isolation_forest.pkl
2026-02-27 10:19:32,351 - WARNING - Model state missing feature_columns; will infer from input data at runtime
2026-02-27 10:19:32,351 - WARNING - score_window was not a dict; resetting
2026-02-27 10:19:32,351 - INFO - Model loaded from models/isolation_forest.pkl
2026-02-27 10:19:32,351 - INFO - Successfully loaded model and scaler
2026-02-27 10:19:32,351 - INFO - Pipeline initialization complete
2026-02-27 10:19:32,351 - INFO - Starting pipeline for BTC-USD...
2026-02-27 10:19:32,359 - INFO - Processing batch of 5 messages for BTC-USD
2026-02-27 10:19:32,598 - INFO - Processed batch. Current risk score: 75.6%
2026-02-27 10:19:34,365 - INFO - Processing batch of 5 messages for BTC-USD
2026-02-27 10:19:34,440 - INFO - Processed batch. Current risk score: 91.8%
2026-02-27 10:19:36,366 - INFO - Processing batch of 5 messages for BTC-USD
2026-02-27 10:19:36,464 - INFO - Processed batch. Current risk score: 74.3%
2026-02-27 10:19:38,370 - INFO - Processing batch of 5 messages for BTC-USD
2026-02-27 10:19:38,420 - INFO - Processed batch. Current risk score: 100.0%
2026-02-27 10:19:40,375 - INFO - Reached maximum message count for all symbols
2026-02-27 10:19:40,376 - INFO - === MarketTrap Application Stopped ===
